<html>
<body>
<pre>
<h1>µVision Build Log</h1>
<h2>Tool Versions:</h2>
IDE-Version: ¦ÌVision V5.14.1
Copyright (C) 2015 ARM Ltd and ARM Germany GmbH. All rights reserved.
License Information: Cortex-M4, 1, LIC=CZLZX-H7MUZ-Z9CG9-4CYQ4-P01Q2-GPNLW
 
Tool Versions:
Toolchain:       MDK-ARM Standard  Version: 5.24.1
Toolchain Path:  C:\Keil_v5\ARM\ARMCC\Bin
C Compiler:      Armcc.exe V5.06 update 5 (build 528)
Assembler:       Armasm.exe V5.06 update 5 (build 528)
Linker/Locator:  ArmLink.exe V5.06 update 5 (build 528)
Library Manager: ArmAr.exe V5.06 update 5 (build 528)
Hex Converter:   FromElf.exe V5.06 update 5 (build 528)
CPU DLL:         SARMCM3.DLL V5.24.1
Dialog DLL:      DCM.DLL V1.16.0.0
Target DLL:      STLink\ST-LINKIII-KEIL_SWO.dll V3.0.1.0
Dialog DLL:      TCM.DLL V1.32.0.0
 
<h2>Project:</h2>
C:\Learn\FOC\Code\MDK-ARM\Code.uvprojx
Project File Date:  01/20/2026

<h2>Output:</h2>
*** Using Compiler 'V5.06 update 5 (build 528)', folder: 'C:\Keil_v5\ARM\ARMCC\Bin'
Build target 'Code'
compiling Foc_Driver.c...
../Lib/FOC/Inc/Foc_Driver.h(32): warning:  #1-D: last line of file ends without a newline
  #endif // _FOC_DRIVER_H_
..\Lib\FOC\Src\Foc_Driver.c(44): warning:  #1-D: last line of file ends without a newline
  }
..\Lib\FOC\Src\Foc_Driver.c: 2 warnings, 0 errors
compiling foc_typeds.c...
..\Lib\FOC\Src\foc_typeds.c(49): warning:  #1-D: last line of file ends without a newline
  }
..\Lib\FOC\Src\foc_typeds.c: 1 warning, 0 errors
compiling Math_lib.c...
linking...
Code\Code.axf: Warning: L6304W: Duplicate input file code\foc_driver_1.o ignored.
Code\Code.axf: Warning: L6304W: Duplicate input file code\foc_typeds_1.o ignored.
Code\Code.axf: Warning: L6304W: Duplicate input file code\math_lib_1.o ignored.
Program Size: Code=7904 RO-data=536 RW-data=16 ZI-data=1632  
Finished: 0 information, 3 warning and 0 error messages.
FromELF: creating hex file...
"Code\Code.axf" - 0 Error(s), 6 Warning(s).

<h2>Software Packages used:</h2>

Package Vendor: ARM
                http://www.keil.com/pack/ARM.CMSIS.5.0.1.pack
                ARM::CMSIS:CORE:5.0.1
                CMSIS (Cortex Microcontroller Software Interface Standard)
   * Component: CORE Version: 5.0.1

<h2>Collection of Component include folders:</h2>
  C:\Learn\FOC\Code\MDK-ARM\RTE
  C:\Keil_v5\ARM\PACK\ARM\CMSIS\5.0.1\CMSIS\Include
  C:\Keil_v5\ARM\PACK\Keil\STM32F4xx_DFP\1.0.8\Device\Include

<h2>Collection of Component Files used:</h2>

   * Component: ARM::CMSIS:CORE:5.0.1
</pre>
</body>
</html>
